<div>
  <ul class="contains-task-list plugin-tasks-query-result tasks-layout-hide-urgency"></ul>
  <div class="task-count">3 tasks</div>
</div>
