
input:
-------------------------------------

description includes 1 hello world    

description includes 2 hello   \
   world   

description includes 3 hello \
world

description includes 4 hello    \
world

description includes 5 hello    \\
description includes 6 world

description includes 7 hello world\

description includes 8 hello world\\

description includes 9 hello world\
description includes 10 hello world\\

description includes 11 hello world\\
description includes 12 hello world

description includes 13 hello world\\
description includes 14 hello world\\

description includes 15 hello world\

description includes 16 hello world \ 
description includes 17 hello world \\ 


-------------------------------------

result after calling continue_lines():
-------------------------------------
{
    "rawInstruction": "",
    "instruction": ""
}
{
    "rawInstruction": "description includes 1 hello world    ",
    "instruction": "description includes 1 hello world    "
}
{
    "rawInstruction": "",
    "instruction": ""
}
{
    "rawInstruction": "description includes 2 hello   \\\n   world   ",
    "instruction": "description includes 2 hello world   "
}
{
    "rawInstruction": "",
    "instruction": ""
}
{
    "rawInstruction": "description includes 3 hello \\\nworld",
    "instruction": "description includes 3 hello world"
}
{
    "rawInstruction": "",
    "instruction": ""
}
{
    "rawInstruction": "description includes 4 hello    \\\nworld",
    "instruction": "description includes 4 hello world"
}
{
    "rawInstruction": "",
    "instruction": ""
}
{
    "rawInstruction": "description includes 5 hello    \\\\",
    "instruction": "description includes 5 hello    \\"
}
{
    "rawInstruction": "description includes 6 world",
    "instruction": "description includes 6 world"
}
{
    "rawInstruction": "",
    "instruction": ""
}
{
    "rawInstruction": "description includes 7 hello world\\\n",
    "instruction": "description includes 7 hello world "
}
{
    "rawInstruction": "description includes 8 hello world\\\\",
    "instruction": "description includes 8 hello world\\"
}
{
    "rawInstruction": "",
    "instruction": ""
}
{
    "rawInstruction": "description includes 9 hello world\\\ndescription includes 10 hello world\\\\",
    "instruction": "description includes 9 hello world description includes 10 hello world\\"
}
{
    "rawInstruction": "",
    "instruction": ""
}
{
    "rawInstruction": "description includes 11 hello world\\\\",
    "instruction": "description includes 11 hello world\\"
}
{
    "rawInstruction": "description includes 12 hello world",
    "instruction": "description includes 12 hello world"
}
{
    "rawInstruction": "",
    "instruction": ""
}
{
    "rawInstruction": "description includes 13 hello world\\\\",
    "instruction": "description includes 13 hello world\\"
}
{
    "rawInstruction": "description includes 14 hello world\\\\",
    "instruction": "description includes 14 hello world\\"
}
{
    "rawInstruction": "",
    "instruction": ""
}
{
    "rawInstruction": "description includes 15 hello world\\\n",
    "instruction": "description includes 15 hello world "
}
{
    "rawInstruction": "description includes 16 hello world \\ ",
    "instruction": "description includes 16 hello world \\ "
}
{
    "rawInstruction": "description includes 17 hello world \\\\ ",
    "instruction": "description includes 17 hello world \\\\ "
}
{
    "rawInstruction": "",
    "instruction": ""
}
{
    "rawInstruction": "",
    "instruction": ""
}
-------------------------------------
