For this markdown line:
"- [ ] some task ğŸ“… 1 year"

The first suggestion is:
{
    "displayText": "2023-07-11",
    "appendText": "ğŸ“… 2023-07-11 ",
    "insertAt": 16,
    "insertSkip": 9
}
