For this markdown line:
"- [ ] some task due:: 27 oct"

The first suggestion is:
{
    "displayText": "2022-10-27",
    "appendText": "due:: 2022-10-27 ",
    "insertAt": 16,
    "insertSkip": 12
}
