[
  {
    "suggestionType": "empty",
    "displayText": "⏎",
    "appendText": "\n"
  },
  {
    "displayText": "📅 due date",
    "appendText": "📅 "
  },
  {
    "displayText": "🛫 start date",
    "appendText": "🛫 "
  },
  {
    "displayText": "⏳ scheduled date",
    "appendText": "⏳ "
  },
  {
    "displayText": "🆔 task id",
    "appendText": "🆔"
  },
  {
    "displayText": "⛔ task depends on id",
    "appendText": "⛔"
  }
]
