For this markdown line:
"- [ ] some task due:: 1 year"

The first suggestion is:
{
    "displayText": "2023-07-11",
    "appendText": "due:: 2023-07-11 ",
    "insertAt": 16,
    "insertSkip": 12
}
