For this markdown line:
"- [ ] some task ğŸ“… 27 oct"

The first suggestion is:
{
    "displayText": "2022-10-27",
    "appendText": "ğŸ“… 2022-10-27 ",
    "insertAt": 16,
    "insertSkip": 9
}
